3058 / 25  @ 40.98874,29.04914
3056 / 8  @ 40.98874,29.04984
3054 / 8  @ 40.98874,29.05054
3053 / 7  @ 40.98874,29.05124
1229 / 86  @ 40.98874,29.05194
1229 / 83  @ 40.98874,29.05334
1229 / 2  @ 40.98874,29.05474
1229 / 75  @ 40.98874,29.05544
744 / 10  @ 40.98874,29.05614
3058 / 28  @ 40.98924,29.04914
3056 / 10  @ 40.98924,29.04984
3052 / 18  @ 40.98924,29.05054
1229 / 85  @ 40.98924,29.05194
744 / 43  @ 40.98924,29.05544
744 / 12  @ 40.98924,29.05614
3059 / 4  @ 40.98974,29.04914
3051 / 25  @ 40.98974,29.05054
3051 / 17  @ 40.98974,29.05124
3410 / 3  @ 40.98974,29.05544
744 / 16  @ 40.98974,29.05614
895 / 18  @ 40.99024,29.04914
3034 / 11  @ 40.99024,29.05054
3033 / 3  @ 40.99024,29.05124
3444 / 1  @ 40.99024,29.05264
3410 / 2  @ 40.99024,29.05474
3246 / 24  @ 40.99024,29.05614
3038 / 10  @ 40.99074,29.04914
3436 / 1  @ 40.99074,29.04984
3035 / 12  @ 40.99074,29.05054
3033 / 11  @ 40.99074,29.05124
3411 / 3  @ 40.99074,29.05334
3246 / 26  @ 40.99074,29.05544
3246 / 22  @ 40.99074,29.05614
3039 / 8  @ 40.99124,29.04914
3038 / 23  @ 40.99124,29.04984
3028 / 10  @ 40.99124,29.05194
3246 / 30  @ 40.99124,29.05474
3246 / 28  @ 40.99124,29.05544
3246 / 16  @ 40.99124,29.05614
3040 / 1  @ 40.99174,29.04914
3027 / 1  @ 40.99174,29.05054
3026 / 7  @ 40.99174,29.05124
3011 / 3  @ 40.99174,29.05194
764 / 8  @ 40.99174,29.05404
3246 / 11  @ 40.99174,29.05474
3246 / 13  @ 40.99174,29.05544
3024 / 10  @ 40.99224,29.04984
3025 / 4  @ 40.99224,29.05054
3006 / 25  @ 40.99224,29.05124
764 / 35  @ 40.99224,29.05264
764 / 5  @ 40.99224,29.05334
3422 / 3  @ 40.99224,29.05544
3424 / 5  @ 40.99274,29.04914
3247 / 43  @ 40.99274,29.05194
3456 / 6  @ 40.99274,29.05334
3424 / 4  @ 40.99324,29.04914
3247 / 54  @ 40.99324,29.05054
3247 / 49  @ 40.99324,29.05124
3456 / 7  @ 40.99324,29.05474
3424 / 6  @ 40.99374,29.04914
3247 / 55  @ 40.99374,29.05054
3417 / 1  @ 40.99374,29.05124
3458 / 3  @ 40.99374,29.05544
grid sweep finished, 63 unique parcels
